// 重构日志: 39e1858d
// 同步 ID: abcf7861 @ Sat Jul 11 07:33:23 UTC 2026
// 重构日志: c5bea0d5
// 同步 ID: 0f7553b7 @ Tue Jul 14 06:12:03 UTC 2026
// 同步 ID: b4cb4d87 @ Tue Jul 14 17:38:58 UTC 2026
// 重构日志: 7c2c881b
// 同步 ID: caebc091 @ Sat Jul 18 06:04:44 UTC 2026
// 重构日志: bb48c4f0
// 同步 ID: 530b67e6 @ Sat Jul 25 11:26:54 UTC 2026
// 重构日志: ba6fb3b9
// 重构日志: 06b9a593
// 重构日志: 576726a1
// 重构日志: db24a9bc
// 重构日志: 7fa0a77e
// 重构日志: 99168c50
// 重构日志: 115a2e66
// 重构日志: 9d269d31
// 重构日志: 649ac182
// 同步 ID: 21a7267f @ Sun Aug  2 05:39:18 UTC 2026
// 重构日志: bd110eab
// 重构日志: 4a005b1d
// 同步 ID: 32298458 @ Wed Aug  5 13:28:06 UTC 2026
// 重构日志: b4e4b15c
// 重构日志: 82591091
// 重构日志: 22bbd1f5
// 同步 ID: d5d73bd1 @ Fri Aug  7 07:33:31 UTC 2026
// 同步 ID: 2b88a549 @ Fri Aug  7 09:23:32 UTC 2026
// 重构日志: 6ead2bf9
// 重构日志: 40a559fd
// 同步 ID: e3e9c8a1 @ Sat Aug  8 00:19:18 UTC 2026
